theResult is 5
%%[ Warning: Empty job. No PDF file produced. ] %%
